чек инфо

-2 ошибка разрешения
-3 ошибка текстур
-4 ошибка потолка или пола
-5 лишние символы
-6 чего-то нет
-7 разрешение <= 0
-8 цвета не >=0 и <=255
-9 игрока нет или больше чем 1
-10 невалидная карта
-11 не xpm